papersilm
  workspace ready













  ────────────────────────────────────────────────────────────────────────────
  Command Palette
  › Filter commands
  › /approve – Approve the current checkpoint
    /clear – Add a visual separator
    /commands – Open the command palette
    /exit – Quit the session
    /export – Open artifact export pane
    /help – Show slash commands
    /hints – Toggle footer shortcut hints
  Enter insert · Esc close
