papersilm
  Ask about the current workspace or papers.

















  ────────────────────────────────────────────────────────────────────────────
  Model Picker
  default · openai · profile default
  › › gpt
  › gpt-visual         – current model
    gpt-visual-large   – larger context
  ↑/↓ select · Enter switch model · Esc close
