papersilm
  workspace ready










──────────────────────────────────────────────────────────────────────────────────────────────────────────────────────
  Edit README.md
  Do you want to make this edit?
  Prepared workspace edit preview
  │ --- README.md
  │ +++ README.md
  │ -old line
  │ +new line
  │ …
  ❯ Yes – Allow this edit once
    Yes, during this session – path README.md · Allow edits to this file for this session
    No – Reject this edit
  Enter select · Tab feedback · Ctrl+E details
› Ask about workspace or papers
permission pending                                                                                  default/gpt-visual
